[
    {
        "heading": 76.81409454345703,
        "lat": 37.77432031280437,
        "lon": -122.428351733366,
        "month": 11,
        "panoid": "mOIblLGQqLpZUDne_VLAdQ",
        "roll": 0.09208105504512787,
        "tilt": 88.35939025878906,
        "year": 2007
    },
    {
        "heading": 80.80281829833984,
        "lat": 37.77429510838905,
        "lon": -122.4283415567874,
        "month": 5,
        "panoid": "m5xxmNmdd-g0y8Y-kpmb8Q",
        "roll": 1.558836936950684,
        "tilt": 89.11955261230469,
        "year": 2008
    },
    {
        "heading": 78.90605163574219,
        "lat": 37.77432587577062,
        "lon": -122.4283615484045,
        "month": 2,
        "panoid": "DgYMRMl9pMkPojc_aFaWOw",
        "roll": -2.243122100830078,
        "tilt": 82.55122375488281,
        "year": 2011
    },
    {
        "heading": 79.54061889648438,
        "lat": 37.77430223201899,
        "lon": -122.4283431960203,
        "month": 3,
        "panoid": "1G148Vno08mtwAaQ_roRqg",
        "roll": -1.199838280677795,
        "tilt": 82.9476089477539,
        "year": 2014
    },
    {
        "heading": 79.61530303955078,
        "lat": 37.77429405183603,
        "lon": -122.4283778603174,
        "month": 5,
        "panoid": "fp0uFJfqO2e0uEWhbDkIMQ",
        "roll": -0.8417156934738159,
        "tilt": 83.81627655029297,
        "year": 2014
    },
    {
        "heading": 80.12547302246094,
        "lat": 37.77429874158986,
        "lon": -122.4283678551053,
        "month": 1,
        "panoid": "3Eng_G9SqCYWnQydcZTP3A",
        "roll": -1.12087070941925,
        "tilt": 83.52778625488281,
        "year": 2015
    },
    {
        "heading": 81.83570861816406,
        "lat": 37.7743188847781,
        "lon": -122.4283929001596,
        "month": 6,
        "panoid": "Hqhy1zUzdzwyhoLD1naHUQ",
        "roll": -3.828254461288452,
        "tilt": 83.20114135742188,
        "year": 2015
    },
    {
        "heading": 81.2088623046875,
        "lat": 37.77429134837627,
        "lon": -122.4283692777262,
        "month": 10,
        "panoid": "q4XZZgs2zwWtc6eNblwbng",
        "roll": -0.3156414330005646,
        "tilt": 85.0464096069336,
        "year": 2015
    },
    {
        "heading": 74.05371856689453,
        "lat": 37.77432434670884,
        "lon": -122.4283510859674,
        "month": 6,
        "panoid": "84EbbbrnJI-Dnj7ZFgXj3A",
        "roll": -1.392001271247864,
        "tilt": 83.19451904296875,
        "year": 2016
    },
    {
        "heading": 81.40259552001953,
        "lat": 37.77432474409834,
        "lon": -122.4283719552793,
        "month": 2,
        "panoid": "e8LRJ1mcvgXXywxz2af_og",
        "roll": -2.287911891937256,
        "tilt": 83.18602752685547,
        "year": 2017
    },
    {
        "heading": 80.61112213134766,
        "lat": 37.7743253650137,
        "lon": -122.428368230786,
        "month": 6,
        "panoid": "yWAu9d4tGbwq_UxsllLeow",
        "roll": -2.510188579559326,
        "tilt": 83.56245422363281,
        "year": 2017
    },
    {
        "heading": 81.14308166503906,
        "lat": 37.7743120319526,
        "lon": -122.4284704581969,
        "panoid": "we3c0AqldP0EoAxh_BUF2g",
        "roll": -2.616360425949097,
        "tilt": 83.62559509277344
    },
    {
        "heading": 80.63140869140625,
        "lat": 37.77433974080264,
        "lon": -122.4282630412016,
        "panoid": "X-h0g7pd0Y40seelNwvq4Q",
        "roll": -2.674713850021362,
        "tilt": 83.52175903320312
    },
    {
        "heading": 81.14849853515625,
        "lat": 37.77435520484872,
        "lon": -122.4281452752294,
        "panoid": "Fs2bDChx12sEYlVznqVb2Q",
        "roll": -2.858313798904419,
        "tilt": 83.5984115600586
    },
    {
        "heading": 81.46712493896484,
        "lat": 37.77429845238696,
        "lon": -122.4285792178569,
        "panoid": "oqVF6JoAN0xmR2OeTiFnDw",
        "roll": -2.496679067611694,
        "tilt": 83.5017318725586
    },
    {
        "heading": 81.70295715332031,
        "lat": 37.77428441406386,
        "lon": -122.4286964317077,
        "panoid": "kZ7BVmTmFvzKlhVmex93Sw",
        "roll": -2.571785449981689,
        "tilt": 83.40779876708984
    },
    {
        "heading": 80.72789764404297,
        "lat": 37.7743707333279,
        "lon": -122.4280269690432,
        "panoid": "BN9PUpIOM_052DR_kKybGw",
        "roll": -2.91117000579834,
        "tilt": 83.64988708496094
    },
    {
        "heading": 81.81098175048828,
        "lat": 37.77426991808046,
        "lon": -122.4288208021278,
        "panoid": "D-y4oD8QkoF76J5AW-Gf6Q",
        "roll": -2.884769439697266,
        "tilt": 84.05992889404297
    },
    {
        "heading": 81.52217102050781,
        "lat": 37.77425515661027,
        "lon": -122.4289458850603,
        "panoid": "pGP7I5RctHk-JGZI1scxVQ",
        "roll": -2.412445306777954,
        "tilt": 83.9752426147461
    },
    {
        "heading": 80.48600006103516,
        "lat": 37.77438658204415,
        "lon": -122.427911452395,
        "panoid": "JS97XXJ2zZatt4hGBxtpWA",
        "roll": -3.146727085113525,
        "tilt": 83.50416564941406
    },
    {
        "heading": 80.43301391601562,
        "lat": 37.77440213712213,
        "lon": -122.4277986238424,
        "panoid": "PIpaGRlFBdWVizzAzSTh2g",
        "roll": -3.48729395866394,
        "tilt": 83.5655288696289
    },
    {
        "heading": 80.6727066040039,
        "lat": 37.7744174430237,
        "lon": -122.4276871619303,
        "panoid": "Rcfq8cwdRAPHty9kzza1bA",
        "roll": -4.170130252838135,
        "tilt": 85.60554504394531
    },
    {
        "heading": 30.1640625,
        "lat": 37.77434216692831,
        "lon": -122.4274707874419,
        "panoid": "xWy1FWRAgr0NAL_RNh_nlQ",
        "roll": 3.445038318634033,
        "tilt": 87.6888427734375
    },
    {
        "heading": 171.6429595947266,
        "lat": 37.77450317136553,
        "lon": -122.4276032917956,
        "panoid": "5NsVbHzWic_xFg04Fjxk1g",
        "roll": 1.733303189277649,
        "tilt": 93.29196166992188
    },
    {
        "heading": 81.07179260253906,
        "lat": 37.77443119293005,
        "lon": -122.4275736342393,
        "panoid": "dFiwObPsfzYyHe_8TZeZqw",
        "roll": -1.864600896835327,
        "tilt": 90.46391296386719
    },
    {
        "heading": 80.67198944091797,
        "lat": 37.77423959549865,
        "lon": -122.4290732407317,
        "panoid": "TNr1ngiMbkY5kRhIFEj8UA",
        "roll": -2.589960098266602,
        "tilt": 85.798828125
    },
    {
        "heading": 80.31806945800781,
        "lat": 37.77452481084485,
        "lon": -122.4268096293467,
        "panoid": "DfqQFKKaGbDC4Nixf4321A",
        "roll": -2.669583797454834,
        "tilt": 83.96504211425781
    },
    {
        "heading": 81.00423431396484,
        "lat": 37.7741367899422,
        "lon": -122.4298612416066,
        "panoid": "ZbWa0ye1k8LhaSMk8Q1gUg",
        "roll": -2.540969848632812,
        "tilt": 85.9451904296875
    },
    {
        "heading": 81.0630111694336,
        "lat": 37.77409338197683,
        "lon": -122.4302014371264,
        "panoid": "W8FrXatc64jSIpeRWiXjMg",
        "roll": -2.545018434524536,
        "tilt": 86.7376708984375
    },
    {
        "heading": 81.02234649658203,
        "lat": 37.77410887971796,
        "lon": -122.4300807402255,
        "panoid": "wwrVltjvKZklDR0d3Neqcg",
        "roll": -2.689954519271851,
        "tilt": 85.9655990600586
    },
    {
        "heading": 80.09574127197266,
        "lat": 37.77454296547042,
        "lon": -122.4266804427561,
        "panoid": "sUVwj18_cqYyq-fxrVwBcw",
        "roll": -2.842483520507812,
        "tilt": 83.5278091430664
    },
    {
        "heading": 82.00084686279297,
        "lat": 37.7744505528711,
        "lon": -122.4274107754613,
        "panoid": "MCc84KLZes7Xcau4GuA8Yg",
        "roll": -2.42629075050354,
        "tilt": 85.1143798828125
    },
    {
        "heading": 81.33536529541016,
        "lat": 37.77448002093835,
        "lon": -122.4271650897915,
        "panoid": "OcBb0kHvx-l9AT6c0eqfNg",
        "roll": -2.838129758834839,
        "tilt": 82.96475219726562
    },
    {
        "heading": 0.3306386470794678,
        "lat": 37.77428369311446,
        "lon": -122.4274961529709,
        "panoid": "x0gqmpg0CTjJ1N-307ZsgQ",
        "roll": 0.3906270265579224,
        "tilt": 85.8840560913086
    },
    {
        "heading": 81.0180892944336,
        "lat": 37.77412334515397,
        "lon": -122.4299675508652,
        "panoid": "8EXFHIc3kRAkRVOHmFT4uw",
        "roll": -2.69983434677124,
        "tilt": 86.31503295898438
    },
    {
        "heading": 78.80187225341797,
        "lat": 37.77420192298822,
        "lon": -122.4293513550911,
        "panoid": "Uj7edZxk1d6Z23BKy8CXxw",
        "roll": -2.84138822555542,
        "tilt": 87.06818389892578
    },
    {
        "heading": 81.14344024658203,
        "lat": 37.77416213161305,
        "lon": -122.4296591326222,
        "panoid": "dpxfMkteF_w_yvrj2Eg8_g",
        "roll": -2.100693941116333,
        "tilt": 85.96776580810547
    },
    {
        "heading": 81.43448638916016,
        "lat": 37.7745073805838,
        "lon": -122.4269425422345,
        "panoid": "QtZxLay52w5bjTgGCsMmpQ",
        "roll": -2.802159786224365,
        "tilt": 83.17388916015625
    },
    {
        "heading": 81.03401947021484,
        "lat": 37.77459125760183,
        "lon": -122.4263157454517,
        "panoid": "KY1ivmjvTchbUN9YnVnLaQ",
        "roll": -3.062817335128784,
        "tilt": 83.80439758300781
    },
    {
        "heading": 80.12611389160156,
        "lat": 37.77423130094086,
        "lon": -122.4291354337834,
        "panoid": "bwg7NIdDTOVyek1uIoVLQg",
        "roll": -2.445655345916748,
        "tilt": 87.92682647705078
    },
    {
        "heading": 81.2842025756836,
        "lat": 37.7744953614061,
        "lon": -122.4270428440313,
        "panoid": "SxElUYH4DWkKC5qFMTZpJg",
        "roll": -3.209321737289429,
        "tilt": 83.35360717773438
    },
    {
        "heading": 80.9881591796875,
        "lat": 37.77414942399964,
        "lon": -122.4297603969244,
        "panoid": "5FmQ1F11URjzQdhlHgBH7w",
        "roll": -2.234385251998901,
        "tilt": 86.0219955444336
    },
    {
        "heading": 348.8505554199219,
        "lat": 37.774451601266,
        "lon": -122.429232048358,
        "panoid": "xxWTpippeZEmmKJVpicOzw",
        "roll": 0.9461522102355957,
        "tilt": 85.53973388671875
    },
    {
        "heading": 80.92989349365234,
        "lat": 37.77457618577477,
        "lon": -122.4264344086818,
        "panoid": "hHSN6v789rUY7RGHNjedJA",
        "roll": -3.05157732963562,
        "tilt": 83.58284759521484
    },
    {
        "heading": 155.5859069824219,
        "lat": 37.77406684507528,
        "lon": -122.4292136102714,
        "panoid": "0MVaQKNnzTI5fLz-zxgslQ",
        "roll": 1.679564833641052,
        "tilt": 92.48877716064453
    },
    {
        "heading": 80.65406799316406,
        "lat": 37.77471046724563,
        "lon": -122.4289608004819,
        "panoid": "v7rPCu-0iedl52eIv9ARWA",
        "roll": -3.705219507217407,
        "tilt": 83.0864028930664
    },
    {
        "heading": 81.0406723022461,
        "lat": 37.77460687786925,
        "lon": -122.4261909251608,
        "panoid": "-tpHHxTFXxkOT4Yf6QVf9Q",
        "roll": -3.05745005607605,
        "tilt": 84.14363861083984
    },
    {
        "heading": 166.4718170166016,
        "lat": 37.77400966162247,
        "lon": -122.4291932181491,
        "panoid": "PTTEuGdxFI-2d_yUhfNtjw",
        "roll": 2.611340761184692,
        "tilt": 92.70761108398438
    },
    {
        "heading": 81.3424301147461,
        "lat": 37.77417499796542,
        "lon": -122.4295553060912,
        "panoid": "x-twYhb4YihZfj8CMq4aOQ",
        "roll": -2.183329582214355,
        "tilt": 86.14423370361328
    },
    {
        "heading": 261.63671875,
        "lat": 37.77505418997426,
        "lon": -122.4301675116723,
        "panoid": "8Pd2rvNBUlf5z7egkVQOqQ",
        "roll": 3.414623498916626,
        "tilt": 94.26809692382812
    },
    {
        "heading": 80.46127319335938,
        "lat": 37.77456048626694,
        "lon": -122.4265551387995,
        "panoid": "KkyNLJ0eqrHrVmFUjPPrrA",
        "roll": -3.130395650863647,
        "tilt": 83.63736724853516
    }
]