[
    {
        "heading": 148.2538452148438,
        "lat": 44.78079813454451,
        "lon": 20.4631358634852,
        "month": 11,
        "panoid": "H4gnGehUMXHbEszHFtTvDA",
        "roll": -0.8179669976234436,
        "tilt": 92.12982940673828,
        "year": 2013
    },
    {
        "heading": 150.1308288574219,
        "lat": 44.78078067439527,
        "lon": 20.46315914881518,
        "month": 6,
        "panoid": "NFSzU4sTH3HR4J6QFgKFmw",
        "roll": -1.060598373413086,
        "tilt": 89.44904327392578,
        "year": 2015
    },
    {
        "heading": 149.8496398925781,
        "lat": 44.7808569473187,
        "lon": 20.463097817588,
        "panoid": "r-boo2pRcohaC-hzx6pN3w",
        "roll": -1.578732132911682,
        "tilt": 89.9080581665039
    },
    {
        "heading": 148.5945739746094,
        "lat": 44.78068517594612,
        "lon": 20.46324079339932,
        "panoid": "o7Om9IPOZJYOmd9ue9m0SA",
        "roll": -0.8302975296974182,
        "tilt": 89.46904754638672
    },
    {
        "heading": 32.18944549560547,
        "lat": 44.78167785697512,
        "lon": 20.46173183667098,
        "panoid": "MfoGdFhbegE60_fDao9KfQ",
        "roll": -1.917179107666016,
        "tilt": 84.63720703125
    },
    {
        "heading": 31.85600280761719,
        "lat": 44.78181528563323,
        "lon": 20.46185094524852,
        "panoid": "MsVOtIamfFfFjeuawzh-Bg",
        "roll": -2.222805500030518,
        "tilt": 84.29737091064453
    },
    {
        "heading": 47.75545883178711,
        "lat": 44.78227865730627,
        "lon": 20.461117869447,
        "panoid": "THPVknqlSWkvYHMArddSEw",
        "roll": 1.54987359046936,
        "tilt": 84.29306030273438
    },
    {
        "heading": 32.38966369628906,
        "lat": 44.78174927917058,
        "lon": 20.46179414213868,
        "panoid": "vQv2yV_UcV8cZ2D0x_ZY9w",
        "roll": -2.202202558517456,
        "tilt": 84.52412414550781
    },
    {
        "heading": 158.4276428222656,
        "lat": 44.77965652510653,
        "lon": 20.4640048256591,
        "panoid": "y4Ai4DSQmf1Bbrw-_PfTww",
        "roll": -3.778287887573242,
        "tilt": 92.2082748413086
    },
    {
        "heading": 31.8416748046875,
        "lat": 44.78160277044855,
        "lon": 20.4616670259594,
        "panoid": "f2ojpwP4i6GtFvMatRHa5w",
        "roll": -1.729622960090637,
        "tilt": 84.88816833496094
    },
    {
        "heading": 32.98219299316406,
        "lat": 44.78240814885489,
        "lon": 20.46236901367695,
        "panoid": "__g-4NGTbSpL39t_2ANFEQ",
        "roll": -1.091886520385742,
        "tilt": 83.07686614990234
    },
    {
        "heading": 142.4138031005859,
        "lat": 44.78154013003424,
        "lon": 20.46236897812888,
        "panoid": "RTMLww9F_a07PhZzHZE4Og",
        "roll": -1.118209958076477,
        "tilt": 89.59609985351562
    },
    {
        "heading": 140.4030151367188,
        "lat": 44.78092827570614,
        "lon": 20.46304069040083,
        "panoid": "TYYziMjL9VTgmcTTfdbrLA",
        "roll": -1.927205801010132,
        "tilt": 89.00064086914062
    },
    {
        "heading": 142.076171875,
        "lat": 44.78117734320004,
        "lon": 20.46278020560026,
        "panoid": "Ymy28LRUKdPne3Tb4DPWGg",
        "roll": -1.579232096672058,
        "tilt": 89.10309600830078
    },
    {
        "heading": 334.3932189941406,
        "lat": 44.78106696181194,
        "lon": 20.46462323134798,
        "panoid": "ZQ5HbPgKSVBGD3vIKzG5aQ",
        "roll": 0.9491305351257324,
        "tilt": 88.66504669189453
    },
    {
        "heading": 144.6497344970703,
        "lat": 44.7810448529954,
        "lon": 20.46292339482267,
        "panoid": "hVo5LvjV0TQmgmAsnRiVtg",
        "roll": -0.8464030027389526,
        "tilt": 89.27104949951172
    },
    {
        "heading": 270.7152099609375,
        "lat": 44.78095644740067,
        "lon": 20.46296404162304,
        "panoid": "kKrHlmS2uRsjJWjKNOEeYg",
        "roll": 1.570308089256287,
        "tilt": 90.64216613769531
    },
    {
        "heading": 159.6759033203125,
        "lat": 44.7799199800008,
        "lon": 20.46386320020358,
        "panoid": "lDoeMM7tMr09xnLw6F4Alw",
        "roll": -2.945984840393066,
        "tilt": 90.10723114013672
    },
    {
        "heading": 139.7554779052734,
        "lat": 44.78177055460554,
        "lon": 20.46211560646779,
        "panoid": "pUEokg7ge9ZdBcZpe5oDcw",
        "roll": -1.47795033454895,
        "tilt": 89.53240203857422
    },
    {
        "heading": 149.8072662353516,
        "lat": 44.78050867084031,
        "lon": 20.46339234415771,
        "panoid": "sYRkckuiZADfPHkd0rcnEg",
        "roll": -1.12821352481842,
        "tilt": 89.55442810058594
    },
    {
        "heading": 142.3025360107422,
        "lat": 44.78110946474465,
        "lon": 20.46285510144113,
        "panoid": "vq-CeCjXvXEIxqlngJmOrQ",
        "roll": -1.018666625022888,
        "tilt": 89.2054443359375
    },
    {
        "heading": 232.9365539550781,
        "lat": 44.78085899743894,
        "lon": 20.46277591972528,
        "panoid": "xdx5zLK-8Cq9ka0F4oaLKQ",
        "roll": -0.2588590383529663,
        "tilt": 94.6604232788086
    },
    {
        "heading": 143.7045440673828,
        "lat": 44.78161087792927,
        "lon": 20.46229184042111,
        "panoid": "yiGfaBV6YJ3maAozeIpk7w",
        "roll": -1.057636857032776,
        "tilt": 88.9639663696289
    },
    {
        "heading": 147.6976623535156,
        "lat": 44.78017886994465,
        "lon": 20.46366638300593,
        "panoid": "DXQ5JTNnTnsLGQ1uar4qKw",
        "roll": 0.1111834794282913,
        "tilt": 89.40211486816406
    },
    {
        "heading": 151.0757141113281,
        "lat": 44.7804260562291,
        "lon": 20.46345826061059,
        "panoid": "0kC3zznZFG15BOMz8TRkHg",
        "roll": -0.7844551801681519,
        "tilt": 89.42388916015625
    },
    {
        "heading": 148.4381103515625,
        "lat": 44.78059598523205,
        "lon": 20.4633186649185,
        "panoid": "3FZH4YauP6XI871_GQJgHQ",
        "roll": -1.112610697746277,
        "tilt": 89.98590087890625
    },
    {
        "heading": 153.4823455810547,
        "lat": 44.78000089423862,
        "lon": 20.46381455105103,
        "panoid": "3bvhypRb0jfWB1g8Yy12VA",
        "roll": -1.947172045707703,
        "tilt": 89.61503601074219
    },
    {
        "heading": 140.7322692871094,
        "lat": 44.78139873786167,
        "lon": 20.46252793690238,
        "panoid": "5CXxhq7H1j5EMPuOlK8SYQ",
        "roll": -0.8691549301147461,
        "tilt": 89.12250518798828
    },
    {
        "heading": 142.3967590332031,
        "lat": 44.78125652387325,
        "lon": 20.46269183880553,
        "panoid": "5olOUMHMCsrwkofxk6Ppjg",
        "roll": -0.9506152868270874,
        "tilt": 89.34253692626953
    },
    {
        "heading": 233.0164794921875,
        "lat": 44.78091793333524,
        "lon": 20.46288485966873,
        "panoid": "8xbYOk93uahJPEyppT1lsg",
        "roll": -0.5353347659111023,
        "tilt": 93.7555923461914
    },
    {
        "heading": 142.2292175292969,
        "lat": 44.78146986714975,
        "lon": 20.46244644850511,
        "panoid": "F65ojwjbgcj5QgcgXNyKAw",
        "roll": -0.08344325423240662,
        "tilt": 89.75863647460938
    },
    {
        "heading": 148.8438873291016,
        "lat": 44.78010503638062,
        "lon": 20.46373098026485,
        "panoid": "HLoZdlORRKegpP7k4LiMkQ",
        "roll": 0.003467335598543286,
        "tilt": 89.34207916259766
    },
    {
        "heading": 150.2424926757812,
        "lat": 44.78034559317742,
        "lon": 20.46352089721493,
        "panoid": "JryFi4CVrdQsIOb0jK-TRw",
        "roll": 0.1744801849126816,
        "tilt": 89.35320281982422
    },
    {
        "heading": 141.6835784912109,
        "lat": 44.78169207517197,
        "lon": 20.46220716548832,
        "panoid": "KVQwIHSQF_-7I0rUNnXYcA",
        "roll": -2.016796350479126,
        "tilt": 89.1424331665039
    },
    {
        "heading": 140.1356811523438,
        "lat": 44.78133225159029,
        "lon": 20.46260684792684,
        "panoid": "NipNQuZDk2zT7CEkSUDacg",
        "roll": -1.108254313468933,
        "tilt": 89.63652038574219
    },
    {
        "heading": 162.2163391113281,
        "lat": 44.77984135124734,
        "lon": 20.46390063699936,
        "panoid": "9BXeWW7bXK70HvbvBCoaQQ",
        "roll": -2.654304981231689,
        "tilt": 89.14634704589844
    },
    {
        "heading": 32.26982879638672,
        "lat": 44.78152200113592,
        "lon": 20.46159764117945,
        "panoid": "BFTof30HVwG8F4TudDFHuA",
        "roll": -1.781757354736328,
        "tilt": 84.55694580078125
    },
    {
        "heading": 327.4762878417969,
        "lat": 44.78251299029373,
        "lon": 20.46339828293286,
        "panoid": "CC1cyzzLgfgAKF8q1yHwNw",
        "roll": 1.931607127189636,
        "tilt": 88.57196807861328
    },
    {
        "heading": 312.6815490722656,
        "lat": 44.78264397469493,
        "lon": 20.4632371445753,
        "panoid": "0O5R5n8XaVn7gKd1D7iZQQ",
        "roll": 2.09337854385376,
        "tilt": 89.42925262451172
    },
    {
        "heading": 331.4243774414062,
        "lat": 44.78243780703968,
        "lon": 20.46345979114098,
        "panoid": "1zX-gN2Ex85oQjiHy37aow",
        "roll": 0.2499870359897614,
        "tilt": 88.3482437133789
    },
    {
        "heading": 332.8387451171875,
        "lat": 44.78235403270463,
        "lon": 20.46352293010432,
        "panoid": "4AoRenB27Bhq9kvqH5IniA",
        "roll": 0.233547031879425,
        "tilt": 88.15083312988281
    }
]