[
    {
        "heading": 112.6942825317383,
        "lat": -33.88433013987707,
        "lon": 151.1666343491707,
        "month": 12,
        "panoid": "CwUfnbZwmm8a3RSUJSz6wA",
        "roll": -3.137161254882812,
        "tilt": 87.61058807373047,
        "year": 2007
    },
    {
        "heading": 152.6857147216797,
        "lat": -33.88431036638475,
        "lon": 151.166624246328,
        "month": 12,
        "panoid": "bepWn5N6EYzFBxsohtmZsQ",
        "roll": -2.846304893493652,
        "tilt": 97.4630355834961,
        "year": 2009
    },
    {
        "heading": 111.4201278686523,
        "lat": -33.88432425245179,
        "lon": 151.1666259134506,
        "month": 7,
        "panoid": "z8KUYeQ2l-O5zdzmSwqPRQ",
        "roll": -2.473386526107788,
        "tilt": 92.36013793945312,
        "year": 2013
    },
    {
        "heading": 115.1125030517578,
        "lat": -33.88432484114048,
        "lon": 151.166638676514,
        "month": 5,
        "panoid": "UQrvQ_b_TwO1ylks9VI9rA",
        "roll": -3.965959548950195,
        "tilt": 92.57589721679688,
        "year": 2014
    },
    {
        "heading": 113.8524780273438,
        "lat": -33.88437284462591,
        "lon": 151.1667682397676,
        "panoid": "opgkAJ7M08R25jLa7OyWpw",
        "roll": -2.72782826423645,
        "tilt": 93.45130157470703
    },
    {
        "heading": 203.7666778564453,
        "lat": -33.88436189825786,
        "lon": 151.1665751475771,
        "panoid": "f8cO85_PYaVXBiVPB3sIBg",
        "roll": 0.5666857361793518,
        "tilt": 91.6354751586914
    },
    {
        "heading": 65.30369567871094,
        "lat": -33.88425406721738,
        "lon": 151.1665566955921,
        "panoid": "YytxGh2DyY6G7BvaFaDdpA",
        "roll": -3.674777269363403,
        "tilt": 90.13671875
    },
    {
        "heading": 100.5383453369141,
        "lat": -33.88426577872928,
        "lon": 151.1665010282763,
        "panoid": "th8e_uZDYKG41Onxjl2B-w",
        "roll": -4.193158626556396,
        "tilt": 93.84706115722656
    },
    {
        "heading": 26.77413749694824,
        "lat": -33.88420120599631,
        "lon": 151.1665995076222,
        "panoid": "2fkyhlo2k-LDv1yiRYyBHg",
        "roll": -1.883956909179688,
        "tilt": 87.39685821533203
    },
    {
        "heading": 204.8980102539062,
        "lat": -33.88441570428087,
        "lon": 151.1665483489272,
        "panoid": "FItytYLa-698fODpmGkb-w",
        "roll": -1.220625042915344,
        "tilt": 92.21812438964844
    },
    {
        "heading": 112.254508972168,
        "lat": -33.88440982438878,
        "lon": 151.1668782789762,
        "panoid": "lhrzNdsLWDFItVZnMBd5FA",
        "roll": -3.247856616973877,
        "tilt": 92.396240234375
    },
    {
        "heading": 22.84149360656738,
        "lat": -33.88413745131302,
        "lon": 151.1666292817407,
        "panoid": "K0vGWTESqmKyj6jvy4cjjg",
        "roll": -2.210571050643921,
        "tilt": 87.67294311523438
    },
    {
        "heading": 203.2925415039062,
        "lat": -33.88452034591233,
        "lon": 151.1664964652875,
        "panoid": "uQt2dIwDu3SKIpJoEIegBg",
        "roll": -1.200292706489563,
        "tilt": 91.73017883300781
    },
    {
        "heading": 112.7892532348633,
        "lat": -33.88423702128114,
        "lon": 151.1663843328425,
        "panoid": "J6tICBggEBic-SvzgJhp4w",
        "roll": -2.676071643829346,
        "tilt": 94.57415771484375
    },
    {
        "heading": 115.6191101074219,
        "lat": -33.88419645456209,
        "lon": 151.1662691159096,
        "panoid": "4fjd0Pzt5JECTdHtza9iPg",
        "roll": -3.028648853302002,
        "tilt": 95.22969818115234
    },
    {
        "heading": 23.00204467773438,
        "lat": -33.88401786007344,
        "lon": 151.16668545535,
        "panoid": "aOuPbZzxL6kDZuOQ_zu7Rw",
        "roll": -2.107425212860107,
        "tilt": 87.23892211914062
    },
    {
        "heading": 202.5728759765625,
        "lat": -33.88461536106428,
        "lon": 151.1664540471516,
        "panoid": "TDmQM2l20zFcLGNxbHBIUA",
        "roll": -1.477727293968201,
        "tilt": 91.80406951904297
    },
    {
        "heading": 112.0601425170898,
        "lat": -33.88444027712327,
        "lon": 151.1669735978419,
        "panoid": "NDxLInjjHkHAhDegzO9mRg",
        "roll": -3.61639928817749,
        "tilt": 92.55980682373047
    },
    {
        "heading": 59.94086837768555,
        "lat": -33.88408439512082,
        "lon": 151.1660429487339,
        "panoid": "lFv-rF01CdAIpyqnCS9sbw",
        "roll": -6.312538623809814,
        "tilt": 92.2344970703125
    },
    {
        "heading": 22.68898010253906,
        "lat": -33.8838333220862,
        "lon": 151.1667755005759,
        "panoid": "j5kJDmAUt0qOwylsaEU65Q",
        "roll": -1.220549583435059,
        "tilt": 87.42906951904297
    },
    {
        "heading": 202.1344909667969,
        "lat": -33.88471183982644,
        "lon": 151.1664113968423,
        "panoid": "ETudguStA_5KovCZm24_4g",
        "roll": -2.183689594268799,
        "tilt": 91.47885131835938
    },
    {
        "heading": 22.86586761474609,
        "lat": -33.88358994810258,
        "lon": 151.1663083967512,
        "panoid": "2J3NtF4krEB6ElvYGmhH1w",
        "roll": -2.282769203186035,
        "tilt": 88.27574157714844
    },
    {
        "heading": 144.6427154541016,
        "lat": -33.88413745433733,
        "lon": 151.1661425164419,
        "panoid": "cL-sMwuMZddtOKVZJHtRbg",
        "roll": -2.603541851043701,
        "tilt": 98.28718566894531
    },
    {
        "heading": 202.2789001464844,
        "lat": -33.88509307022368,
        "lon": 151.1662397840158,
        "panoid": "NrcEEaq95iyclw5oezd6_w",
        "roll": -2.184211730957031,
        "tilt": 90.20805358886719
    },
    {
        "heading": 82.08275604248047,
        "lat": -33.88410493667483,
        "lon": 151.1659922449599,
        "panoid": "qvjNjdFJVO00K6HCC9IqEg",
        "roll": -3.358669757843018,
        "tilt": 95.13441467285156
    },
    {
        "heading": 23.2889347076416,
        "lat": -33.88392547619385,
        "lon": 151.1667305293155,
        "panoid": "qTbQRXHNcP4TT_WbZ7CTkw",
        "roll": -1.914593935012817,
        "tilt": 87.57398986816406
    },
    {
        "heading": 22.29431533813477,
        "lat": -33.88365519524874,
        "lon": 151.1668583360029,
        "panoid": "z851y8GlfcOJGVl3c010TA",
        "roll": -1.723615288734436,
        "tilt": 88.20550537109375
    },
    {
        "heading": 22.33376502990723,
        "lat": -33.88356758855113,
        "lon": 151.1668991963375,
        "panoid": "xm5NMG_k9wBz-yRoevkd6g",
        "roll": -1.296716690063477,
        "tilt": 89.10055541992188
    },
    {
        "heading": 22.25370216369629,
        "lat": -33.88374301219892,
        "lon": 151.166817819483,
        "panoid": "DVvzJ2oxJs3SrXr6N306Og",
        "roll": -1.507198214530945,
        "tilt": 87.80904388427734
    },
    {
        "heading": 111.7439117431641,
        "lat": -33.88389025990312,
        "lon": 151.1653935226143,
        "panoid": "V12hqbf5SSAGcT60dSuOPQ",
        "roll": -4.32542610168457,
        "tilt": 94.29393768310547
    },
    {
        "heading": 21.83672904968262,
        "lat": -33.88348076542548,
        "lon": 151.1669391979332,
        "panoid": "voIXpQOaqyGltAIpBrjMLw",
        "roll": -0.9597123861312866,
        "tilt": 89.18001556396484
    },
    {
        "heading": 203.5676574707031,
        "lat": -33.884931829782,
        "lon": 151.16683148925,
        "panoid": "AhIZhLlP_i_nIey6A4bQww",
        "roll": 1.814658880233765,
        "tilt": 91.34303283691406
    },
    {
        "heading": 252.9231262207031,
        "lat": -33.8845106058757,
        "lon": 151.1670483109285,
        "panoid": "sUEpuoU8GPrYm_HjFxmlaQ",
        "roll": 1.017167568206787,
        "tilt": 88.52413940429688
    },
    {
        "heading": 202.5214996337891,
        "lat": -33.88518216219696,
        "lon": 151.1661977991524,
        "panoid": "hm28g9Uwd9yuODfn73gIuA",
        "roll": -1.649953842163086,
        "tilt": 90.35047912597656
    },
    {
        "heading": 294.0306396484375,
        "lat": -33.88456604535793,
        "lon": 151.1672888962153,
        "panoid": "tAc5gXW-3nHwo0oxRRnFCw",
        "roll": 0.7263376712799072,
        "tilt": 88.02689361572266
    },
    {
        "heading": 203.6014709472656,
        "lat": -33.88510603415472,
        "lon": 151.1667457090383,
        "panoid": "Ds31gpHwqiRa-SV-4vkz8w",
        "roll": 4.159937858581543,
        "tilt": 91.01347351074219
    },
    {
        "heading": 202.0338745117188,
        "lat": -33.88499939762253,
        "lon": 151.166282879412,
        "panoid": "P4z6QZ8HEK9PeCXzH_Pvvw",
        "roll": -2.188126564025879,
        "tilt": 90.38707733154297
    },
    {
        "heading": 294.1460571289062,
        "lat": -33.884606684191,
        "lon": 151.1674001446613,
        "panoid": "jQLDTcnjVJsGphQoGJkPrw",
        "roll": 0.3406988382339478,
        "tilt": 88.64619445800781
    },
    {
        "heading": 293.8858947753906,
        "lat": -33.88453394865329,
        "lon": 151.1671968714668,
        "panoid": "dGQ7-QlIdg4bY24FHGrsYg",
        "roll": 0.7327842712402344,
        "tilt": 88.0552749633789
    },
    {
        "heading": 203.8139953613281,
        "lat": -33.88484443082619,
        "lon": 151.1668757676374,
        "panoid": "LE2pq-0YZFvJ4JfBCogI9w",
        "roll": 0.4633553028106689,
        "tilt": 91.74002838134766
    },
    {
        "heading": 201.7298431396484,
        "lat": -33.88464841983564,
        "lon": 151.1669641671617,
        "panoid": "JpnMVZbAKx9KFEGOofmD_g",
        "roll": 1.012973427772522,
        "tilt": 93.12825775146484
    },
    {
        "heading": 198.2838745117188,
        "lat": -33.88528359955407,
        "lon": 151.166664473256,
        "panoid": "AIGpQrtPJFaqf5alkabKiQ",
        "roll": 4.045747756958008,
        "tilt": 90.28314971923828
    },
    {
        "heading": 114.6727523803711,
        "lat": -33.88401481424358,
        "lon": 151.165745390187,
        "panoid": "3tcONMH3koJUuFI8IcSYgg",
        "roll": -2.638390779495239,
        "tilt": 94.38227081298828
    },
    {
        "heading": 113.4679870605469,
        "lat": -33.8839320612164,
        "lon": 151.1655204241509,
        "panoid": "EOKpBa4Jt5FLHPLJnZ5ChA",
        "roll": -4.208148002624512,
        "tilt": 93.61282348632812
    },
    {
        "heading": 280.6681518554688,
        "lat": -33.88464851526367,
        "lon": 151.167535913066,
        "panoid": "nvCqeyrprinKyouegDwAGg",
        "roll": 1.687077879905701,
        "tilt": 87.93233489990234
    },
    {
        "heading": 201.7246246337891,
        "lat": -33.88490365660607,
        "lon": 151.1663259139092,
        "panoid": "j-X5TVZd9oGYW7-MENYE8A",
        "roll": -1.71538257598877,
        "tilt": 90.33831787109375
    },
    {
        "heading": 114.4713287353516,
        "lat": -33.88404988713743,
        "lon": 151.1658414122581,
        "panoid": "OpCWKgw8KGndawZ11Sz4DQ",
        "roll": -2.197473764419556,
        "tilt": 94.97570037841797
    },
    {
        "heading": 112.0945434570312,
        "lat": -33.88478010990205,
        "lon": 151.1679343443747,
        "panoid": "aGlfGyN-lPLhbRTQRgq3gw",
        "roll": -2.255583524703979,
        "tilt": 92.63029479980469
    },
    {
        "heading": 56.2455940246582,
        "lat": -33.88385504268409,
        "lon": 151.1651904559601,
        "panoid": "hdgGhzn1Y9x714Yv7Ij3xw",
        "roll": -5.112796783447266,
        "tilt": 91.78429412841797
    },
    {
        "heading": 21.39352416992188,
        "lat": -33.88339503573051,
        "lon": 151.1669769831291,
        "panoid": "QEMdXsLBJOPLBjDFLgW_Fw",
        "roll": -1.570080637931824,
        "tilt": 89.47222137451172
    },
    {
        "heading": 22.53176307678223,
        "lat": -33.88386898527462,
        "lon": 151.1661739015281,
        "panoid": "IRd2K8l_Jbrh6_JiMGxXkw",
        "roll": -2.778694152832031,
        "tilt": 88.16741180419922
    },
    {
        "heading": 201.5777587890625,
        "lat": -33.88480644919035,
        "lon": 151.1663685659852,
        "panoid": "DP_fY6YXQfZNgTBgP03a0g",
        "roll": -1.30013906955719,
        "tilt": 90.89000701904297
    },
    {
        "heading": 22.42659378051758,
        "lat": -33.88333876171293,
        "lon": 151.1664265821573,
        "panoid": "Vx0T5oNjr4grt6hslr9c8Q",
        "roll": -2.378543853759766,
        "tilt": 88.94110870361328
    },
    {
        "heading": 112.4108963012695,
        "lat": -33.88474020645224,
        "lon": 151.1678187620647,
        "panoid": "LJeSkAtvbHA_PVX66Sv12Q",
        "roll": -1.974622368812561,
        "tilt": 92.36466217041016
    },
    {
        "heading": 200.9931030273438,
        "lat": -33.88475470018184,
        "lon": 151.1669187026046,
        "panoid": "C16QCezpgIbLj7cOPKnH-Q",
        "roll": -0.3459126949310303,
        "tilt": 92.42720031738281
    },
    {
        "heading": 203.4482574462891,
        "lat": -33.88519245252748,
        "lon": 151.1667022349149,
        "panoid": "Y7z4lQGsa0y4r79PXCrj1A",
        "roll": 4.986793518066406,
        "tilt": 89.90508270263672
    },
    {
        "heading": 22.17517280578613,
        "lat": -33.8839342799869,
        "lon": 151.1651253412356,
        "panoid": "c0WkdgnniBdi9mAAlE7-1w",
        "roll": -2.582667350769043,
        "tilt": 90.18353271484375
    },
    {
        "heading": 22.0485725402832,
        "lat": -33.88471947978415,
        "lon": 151.1675482332457,
        "panoid": "aVhFfgxdL-piakWFJBJYkw",
        "roll": -4.455105781555176,
        "tilt": 89.18208312988281
    },
    {
        "heading": 114.7505416870117,
        "lat": -33.88397660788214,
        "lon": 151.1656423167493,
        "panoid": "fCvc3x45jn-4DPhLPgsBrw",
        "roll": -3.654051780700684,
        "tilt": 94.37893676757812
    },
    {
        "heading": 21.48898315429688,
        "lat": -33.88330998437515,
        "lon": 151.1670147736204,
        "panoid": "a8L6W0ux8XFMsc7lgvwrQA",
        "roll": -1.581377506256104,
        "tilt": 89.48474884033203
    },
    {
        "heading": 20.05853080749512,
        "lat": -33.88401163971355,
        "lon": 151.1650917552193,
        "panoid": "9P6WzDjChB4TbpshwAyYeA",
        "roll": -2.222720384597778,
        "tilt": 90.35260009765625
    },
    {
        "heading": 106.3980484008789,
        "lat": -33.88469377207592,
        "lon": 151.1676869684549,
        "panoid": "UNyLDFQpviXQKireT_rZ9w",
        "roll": -3.348127126693726,
        "tilt": 90.9272689819336
    },
    {
        "heading": 22.33822059631348,
        "lat": -33.88376720113677,
        "lon": 151.1662213890158,
        "panoid": "cwW83CUheuZG85Q2gOoJvg",
        "roll": -3.546898126602173,
        "tilt": 87.8701400756836
    },
    {
        "heading": 202.4854888916016,
        "lat": -33.88526946783465,
        "lon": 151.1661563344858,
        "panoid": "v3yVC2glcmK42QP9pRT6sQ",
        "roll": -0.8615325093269348,
        "tilt": 90.40084838867188
    },
    {
        "heading": 93.10845184326172,
        "lat": -33.88385071185832,
        "lon": 151.1652476559553,
        "panoid": "mgysAxmwit69Am77InAahA",
        "roll": -3.730731248855591,
        "tilt": 94.88636016845703
    },
    {
        "heading": 112.4610290527344,
        "lat": -33.88485966224002,
        "lon": 151.1681623738058,
        "panoid": "jbquiRvDCqxDEl3yec2izA",
        "roll": -2.074613332748413,
        "tilt": 92.12179565429688
    },
    {
        "heading": 187.5734710693359,
        "lat": -33.88461038591484,
        "lon": 151.1676731452125,
        "panoid": "vt1CPAA1Ewu7oK7GME2Abw",
        "roll": -1.029482364654541,
        "tilt": 92.46892547607422
    },
    {
        "heading": 203.3183898925781,
        "lat": -33.8850174256063,
        "lon": 151.1667891154026,
        "panoid": "LHYs2JxCYbO8EEe7Mx6VKQ",
        "roll": 2.855481147766113,
        "tilt": 91.43128967285156
    },
    {
        "heading": 200.260498046875,
        "lat": -33.88537704821542,
        "lon": 151.1666291213255,
        "panoid": "yCzT2hqdLFnAtlcKLc1zsA",
        "roll": 2.08859658241272,
        "tilt": 90.491455078125
    },
    {
        "heading": 112.3271865844727,
        "lat": -33.88482000629334,
        "lon": 151.1680495837104,
        "panoid": "GmGgcvZFC49drIVvJAb5DA",
        "roll": -2.498692035675049,
        "tilt": 92.56462860107422
    }
]
